// Jest Snapshot v1, https://goo.gl/fbAQLP

exports[`Spartacus Customer Ticketing schematics: ng-add Customer Ticketing feature eager loading should import appropriate modules 1`] = `
"import { NgModule } from '@angular/core';
import { I18nConfig, provideConfig } from "@spartacus/core";
import { CustomerTicketingModule } from "@spartacus/customer-ticketing";
import { customerTicketingTranslationChunksConfig, customerTicketingTranslations } from "@spartacus/customer-ticketing/assets";
import { CustomerTicketingRootModule } from "@spartacus/customer-ticketing/root";

@NgModule({
  declarations: [],
  imports: [
    CustomerTicketingRootModule,
    CustomerTicketingModule
  ],
  providers: [provideConfig(<I18nConfig>{
    i18n: {
      resources: customerTicketingTranslations,
      chunks: customerTicketingTranslationChunksConfig,
    },
  })]
})
export class CustomerTicketingFeatureModule { }
"
`;

exports[`Spartacus Customer Ticketing schematics: ng-add Customer Ticketing feature general setup should add the feature using the lazy loading syntax 1`] = `
"import { NgModule } from '@angular/core';
import { CmsConfig, I18nConfig, provideConfig } from "@spartacus/core";
import { customerTicketingTranslationChunksConfig, customerTicketingTranslations } from "@spartacus/customer-ticketing/assets";
import { CustomerTicketingRootModule, CUSTOMER_TICKETING_FEATURE } from "@spartacus/customer-ticketing/root";

@NgModule({
  declarations: [],
  imports: [
    CustomerTicketingRootModule
  ],
  providers: [provideConfig(<CmsConfig>{
    featureModules: {
      [CUSTOMER_TICKETING_FEATURE]: {
        module: () =>
          import('@spartacus/customer-ticketing').then((m) => m.CustomerTicketingModule),
      },
    }
  }),
  provideConfig(<I18nConfig>{
    i18n: {
      resources: customerTicketingTranslations,
      chunks: customerTicketingTranslationChunksConfig,
    },
  })
  ]
})
export class CustomerTicketingFeatureModule { }
"
`;

exports[`Spartacus Customer Ticketing schematics: ng-add Customer Ticketing feature general setup styling should create a proper scss file 1`] = `
"@import "../../styles-config";
@import "@spartacus/customer-ticketing";
"
`;

exports[`Spartacus Customer Ticketing schematics: ng-add Customer Ticketing feature general setup styling should update angular.json 1`] = `
"{
  "$schema": "./node_modules/@angular/cli/lib/config/schema.json",
  "version": 1,
  "newProjectRoot": "",
  "projects": {
    "schematics-test": {
      "projectType": "application",
      "schematics": {
        "@schematics/angular:component": {
          "style": "scss"
        }
      },
      "root": "",
      "sourceRoot": "src",
      "prefix": "app",
      "architect": {
        "build": {
          "builder": "@angular-devkit/build-angular:browser",
          "options": {
            "outputPath": "dist/schematics-test",
            "index": "src/index.html",
            "main": "src/main.ts",
            "polyfills": "src/polyfills.ts",
            "tsConfig": "tsconfig.app.json",
            "inlineStyleLanguage": "scss",
            "assets": [
              "src/favicon.ico",
              "src/assets"
            ],
            "styles": [
              "src/styles.scss",
              "src/styles/spartacus/customer-ticketing.scss"
            ],
            "scripts": [],
            "stylePreprocessorOptions": {
              "includePaths": [
                "node_modules/"
              ]
            }
          },
          "configurations": {
            "production": {
              "budgets": [
                {
                  "type": "initial",
                  "maximumWarning": "500kb",
                  "maximumError": "2.5mb"
                },
                {
                  "type": "anyComponentStyle",
                  "maximumWarning": "2kb",
                  "maximumError": "4kb"
                }
              ],
              "fileReplacements": [
                {
                  "replace": "src/environments/environment.ts",
                  "with": "src/environments/environment.prod.ts"
                }
              ],
              "outputHashing": "all"
            },
            "development": {
              "buildOptimizer": false,
              "optimization": false,
              "vendorChunk": true,
              "extractLicenses": false,
              "sourceMap": true,
              "namedChunks": true
            }
          },
          "defaultConfiguration": "production"
        },
        "serve": {
          "builder": "@angular-devkit/build-angular:dev-server",
          "configurations": {
            "production": {
              "browserTarget": "schematics-test:build:production"
            },
            "development": {
              "browserTarget": "schematics-test:build:development"
            }
          },
          "defaultConfiguration": "development"
        },
        "extract-i18n": {
          "builder": "@angular-devkit/build-angular:extract-i18n",
          "options": {
            "browserTarget": "schematics-test:build"
          }
        },
        "test": {
          "builder": "@angular-devkit/build-angular:karma",
          "options": {
            "main": "src/test.ts",
            "polyfills": "src/polyfills.ts",
            "tsConfig": "tsconfig.spec.json",
            "karmaConfig": "karma.conf.js",
            "inlineStyleLanguage": "scss",
            "assets": [
              "src/favicon.ico",
              "src/assets"
            ],
            "styles": [
              "src/styles.scss",
              "src/styles/spartacus/customer-ticketing.scss"
            ],
            "scripts": [],
            "stylePreprocessorOptions": {
              "includePaths": [
                "node_modules/"
              ]
            }
          }
        }
      }
    }
  }
}"
`;
